##################################
#+------------+#######+----w----+#
#|            |#######|         |#
#|            |#######|         |#
#|            |#######|         |#
#|            |#######|         |#
#.   Entry    L       L < Vault |#
#|            |#######|         |#
#|            |#######|         |#
#|            |#######|         |#
#|            |#######|         |#
#+------------+#######+---------+#
##################################